172.17.0.4 - - [19/May/2020:20:53:48 +0000] "GET /opencart/admin/view/javascript/jquery/datetimepicker/moment/moment.min.js HTTP/1.1" 200 17377 "http://10.0.2.15/opencart/admin/" "Mozilla/5.0 (X11; Linux x86_64) AppleWebKit/537.36 (KHTML, like Gecko) Chrome/80.0.3987.122 Safari/537.36 OPR/67.0.3575.53"
172.17.0.7 - - [19/May/2020:20:53:48 +0000] "GET /opencart/admin/view/javascript/font-awesome/css/font-awesome.min.css HTTP/1.1" 200 7391 "http://10.0.2.15/opencart/admin/" "Mozilla/5.0 (X11; Linux x86_64) AppleWebKit/537.36 (KHTML, like Gecko) Chrome/80.0.3987.122 Safari/537.36 OPR/67.0.3575.53"
172.17.0.7 - - [19/May/2020:20:53:48 +0000] "GET /opencart/admin/view/stylesheet/bootstrap.css HTTP/1.1" 200 22734 "http://10.0.2.15/opencart/admin/" "Mozilla/5.0 (X11; Linux x86_64) AppleWebKit/537.36 (KHTML, like Gecko) Chrome/80.0.3987.122 Safari/537.36 OPR/67.0.3575.53"
172.17.0.7 - - [19/May/2020:20:53:48 +0000] "GET /opencart/admin/view/javascript/jquery/datetimepicker/moment/moment.min.js HTTP/1.1" 200 17377 "http://10.0.2.15/opencart/admin/" "Mozilla/5.0 (X11; Linux x86_64) AppleWebKit/537.36 (KHTML, like Gecko) Chrome/80.0.3987.122 Safari/537.36 OPR/67.0.3575.53"
172.17.0.4 - - [19/May/2020:20:53:48 +0000] "GET /opencart/admin/view/javascript/jquery/datetimepicker/moment/moment-with-locales.min.js HTTP/1.1" 200 66464 "http://10.0.2.15/opencart/admin/" "Mozilla/5.0 (X11; Linux x86_64) AppleWebKit/537.36 (KHTML, like Gecko) Chrome/80.0.3987.122 Safari/537.36 OPR/67.0.3575.53"
172.17.0.7 - - [19/May/2020:20:53:48 +0000] "GET /opencart/admin/view/javascript/jquery/datetimepicker/moment/moment-with-locales.min.js HTTP/1.1" 200 66464 "http://10.0.2.15/opencart/admin/" "Mozilla/5.0 (X11; Linux x86_64) AppleWebKit/537.36 (KHTML, like Gecko) Chrome/80.0.3987.122 Safari/537.36 OPR/67.0.3575.53"
::1 - - [19/May/2020:20:53:50 +0000] "OPTIONS * HTTP/1.0" 200 126 "-" "Apache/2.4.29 (Ubuntu) (internal dummy connection)"
172.17.0.5 - - [19/May/2020:20:53:51 +0000] "GET /opencart/admin/view/javascript/font-awesome/fonts/fontawesome-webfont.woff2?v=4.7.0 HTTP/1.1" 200 77424 "http://10.0.2.15/opencart/admin/view/javascript/font-awesome/css/font-awesome.min.css" "Mozilla/5.0 (X11; Linux x86_64) AppleWebKit/537.36 (KHTML, like Gecko) Chrome/80.0.3987.122 Safari/537.36 OPR/67.0.3575.53"
::1 - - [19/May/2020:20:53:51 +0000] "OPTIONS * HTTP/1.0" 200 126 "-" "Apache/2.4.29 (Ubuntu) (internal dummy connection)"
::1 - - [19/May/2020:20:53:52 +0000] "OPTIONS * HTTP/1.0" 200 126 "-" "Apache/2.4.29 (Ubuntu) (internal dummy connection)"
::1 - - [19/May/2020:20:53:53 +0000] "OPTIONS * HTTP/1.0" 200 126 "-" "Apache/2.4.29 (Ubuntu) (internal dummy connection)"
172.17.0.5 - - [19/May/2020:20:53:53 +0000] "GET /favicon.ico HTTP/1.1" 404 487 "http://10.0.2.15/opencart/admin/" "Mozilla/5.0 (X11; Linux x86_64) AppleWebKit/537.36 (KHTML, like Gecko) Chrome/80.0.3987.122 Safari/537.36 OPR/67.0.3575.53"
172.17.0.4 - - [19/May/2020:20:53:54 +0000] "GET /opencart/admin/view/javascript/font-awesome/fonts/fontawesome-webfont.woff2?v=4.7.0 HTTP/1.1" 200 77424 "http://10.0.2.15/opencart/admin/view/javascript/font-awesome/css/font-awesome.min.css" "Mozilla/5.0 (X11; Linux x86_64) AppleWebKit/537.36 (KHTML, like Gecko) Chrome/80.0.3987.122 Safari/537.36 OPR/67.0.3575.53"
::1 - - [19/May/2020:20:53:54 +0000] "OPTIONS * HTTP/1.0" 200 126 "-" "Apache/2.4.29 (Ubuntu) (internal dummy connection)"
172.17.0.6 - - [19/May/2020:20:53:54 +0000] "GET /opencart/admin/view/javascript/font-awesome/fonts/fontawesome-webfont.woff2?v=4.7.0 HTTP/1.1" 200 77424 "http://10.0.2.15/opencart/admin/view/javascript/font-awesome/css/font-awesome.min.css" "Mozilla/5.0 (X11; Linux x86_64) AppleWebKit/537.36 (KHTML, like Gecko) Chrome/80.0.3987.122 Safari/537.36 OPR/67.0.3575.53"
::1 - - [19/May/2020:20:53:55 +0000] "OPTIONS * HTTP/1.0" 200 126 "-" "Apache/2.4.29 (Ubuntu) (internal dummy connection)"
172.17.0.4 - - [19/May/2020:20:53:55 +0000] "GET /favicon.ico HTTP/1.1" 404 487 "http://10.0.2.15/opencart/admin/" "Mozilla/5.0 (X11; Linux x86_64) AppleWebKit/537.36 (KHTML, like Gecko) Chrome/80.0.3987.122 Safari/537.36 OPR/67.0.3575.53"
172.17.0.7 - - [19/May/2020:20:53:55 +0000] "GET /opencart/admin/view/javascript/font-awesome/fonts/fontawesome-webfont.woff2?v=4.7.0 HTTP/1.1" 200 77424 "http://10.0.2.15/opencart/admin/view/javascript/font-awesome/css/font-awesome.min.css" "Mozilla/5.0 (X11; Linux x86_64) AppleWebKit/537.36 (KHTML, like Gecko) Chrome/80.0.3987.122 Safari/537.36 OPR/67.0.3575.53"
172.17.0.6 - - [19/May/2020:20:53:55 +0000] "GET /favicon.ico HTTP/1.1" 404 487 "http://10.0.2.15/opencart/admin/" "Mozilla/5.0 (X11; Linux x86_64) AppleWebKit/537.36 (KHTML, like Gecko) Chrome/80.0.3987.122 Safari/537.36 OPR/67.0.3575.53"
::1 - - [19/May/2020:20:53:56 +0000] "OPTIONS * HTTP/1.0" 200 126 "-" "Apache/2.4.29 (Ubuntu) (internal dummy connection)"
172.17.0.7 - - [19/May/2020:20:53:57 +0000] "GET /favicon.ico HTTP/1.1" 404 487 "http://10.0.2.15/opencart/admin/" "Mozilla/5.0 (X11; Linux x86_64) AppleWebKit/537.36 (KHTML, like Gecko) Chrome/80.0.3987.122 Safari/537.36 OPR/67.0.3575.53"
::1 - - [19/May/2020:20:53:57 +0000] "OPTIONS * HTTP/1.0" 200 126 "-" "Apache/2.4.29 (Ubuntu) (internal dummy connection)"
172.17.0.5 - - [19/May/2020:20:53:57 +0000] "POST /opencart/admin/index.php?route=common/login HTTP/1.1" 302 382 "http://10.0.2.15/opencart/admin/" "Mozilla/5.0 (X11; Linux x86_64) AppleWebKit/537.36 (KHTML, like Gecko) Chrome/80.0.3987.122 Safari/537.36 OPR/67.0.3575.53"
172.17.0.5 - - [19/May/2020:20:53:58 +0000] "GET /opencart/admin/index.php?route=common/dashboard&user_token=D4m2m3HE7rzrUJtOAePfa8p1EfQ6igQa HTTP/1.1" 200 6235 "http://10.0.2.15/opencart/admin/" "Mozilla/5.0 (X11; Linux x86_64) AppleWebKit/537.36 (KHTML, like Gecko) Chrome/80.0.3987.122 Safari/537.36 OPR/67.0.3575.53"
172.17.0.5 - - [19/May/2020:20:53:58 +0000] "GET /opencart/image/cache/profile-45x45.png HTTP/1.1" 200 2463 "http://10.0.2.15/opencart/admin/index.php?route=common/dashboard&user_token=D4m2m3HE7rzrUJtOAePfa8p1EfQ6igQa" "Mozilla/5.0 (X11; Linux x86_64) AppleWebKit/537.36 (KHTML, like Gecko) Chrome/80.0.3987.122 Safari/537.36 OPR/67.0.3575.53"
172.17.0.5 - - [19/May/2020:20:53:58 +0000] "GET /opencart/admin/view/javascript/jquery/jqvmap/jqvmap.css HTTP/1.1" 200 773 "http://10.0.2.15/opencart/admin/index.php?route=common/dashboard&user_token=D4m2m3HE7rzrUJtOAePfa8p1EfQ6igQa" "Mozilla/5.0 (X11; Linux x86_64) AppleWebKit/537.36 (KHTML, like Gecko) Chrome/80.0.3987.122 Safari/537.36 OPR/67.0.3575.53"
172.17.0.4 - - [19/May/2020:20:53:58 +0000] "POST /opencart/admin/index.php?route=common/login HTTP/1.1" 200 1523 "http://10.0.2.15/opencart/admin/" "Mozilla/5.0 (X11; Linux x86_64) AppleWebKit/537.36 (KHTML, like Gecko) Chrome/80.0.3987.122 Safari/537.36 OPR/67.0.3575.53"
::1 - - [19/May/2020:20:53:58 +0000] "OPTIONS * HTTP/1.0" 200 126 "-" "Apache/2.4.29 (Ubuntu) (internal dummy connection)"
172.17.0.5 - - [19/May/2020:20:53:59 +0000] "GET /opencart/admin/view/javascript/jquery/jqvmap/jquery.vmap.js HTTP/1.1" 200 7277 "http://10.0.2.15/opencart/admin/index.php?route=common/dashboard&user_token=D4m2m3HE7rzrUJtOAePfa8p1EfQ6igQa" "Mozilla/5.0 (X11; Linux x86_64) AppleWebKit/537.36 (KHTML, like Gecko) Chrome/80.0.3987.122 Safari/537.36 OPR/67.0.3575.53"
172.17.0.5 - - [19/May/2020:20:53:59 +0000] "GET /opencart/admin/view/javascript/jquery/jqvmap/maps/jquery.vmap.world.js HTTP/1.1" 200 23843 "http://10.0.2.15/opencart/admin/index.php?route=common/dashboard&user_token=D4m2m3HE7rzrUJtOAePfa8p1EfQ6igQa" "Mozilla/5.0 (X11; Linux x86_64) AppleWebKit/537.36 (KHTML, like Gecko) Chrome/80.0.3987.122 Safari/537.36 OPR/67.0.3575.53"
172.17.0.5 - - [19/May/2020:20:53:59 +0000] "GET /opencart/admin/view/javascript/jquery/flot/jquery.flot.js HTTP/1.1" 200 27108 "http://10.0.2.15/opencart/admin/index.php?route=common/dashboard&user_token=D4m2m3HE7rzrUJtOAePfa8p1EfQ6igQa" "Mozilla/5.0 (X11; Linux x86_64) AppleWebKit/537.36 (KHTML, like Gecko) Chrome/80.0.3987.122 Safari/537.36 OPR/67.0.3575.53"
172.17.0.5 - - [19/May/2020:20:53:59 +0000] "GET /opencart/admin/view/javascript/jquery/flot/jquery.flot.resize.min.js HTTP/1.1" 200 1299 "http://10.0.2.15/opencart/admin/index.php?route=common/dashboard&user_token=D4m2m3HE7rzrUJtOAePfa8p1EfQ6igQa" "Mozilla/5.0 (X11; Linux x86_64) AppleWebKit/537.36 (KHTML, like Gecko) Chrome/80.0.3987.122 Safari/537.36 OPR/67.0.3575.53"
::1 - - [19/May/2020:20:53:59 +0000] "OPTIONS * HTTP/1.0" 200 126 "-" "Apache/2.4.29 (Ubuntu) (internal dummy connection)"
172.17.0.7 - - [19/May/2020:20:54:00 +0000] "POST /opencart/admin/index.php?route=common/login HTTP/1.1" 302 382 "http://10.0.2.15/opencart/admin/" "Mozilla/5.0 (X11; Linux x86_64) AppleWebKit/537.36 (KHTML, like Gecko) Chrome/80.0.3987.122 Safari/537.36 OPR/67.0.3575.53"
::1 - - [19/May/2020:20:54:00 +0000] "OPTIONS * HTTP/1.0" 200 126 "-" "Apache/2.4.29 (Ubuntu) (internal dummy connection)"
172.17.0.7 - - [19/May/2020:20:54:00 +0000] "GET /opencart/admin/index.php?route=common/dashboard&user_token=RlMFD7kV6WRrISTGwrnaak5HgAyM8kRo HTTP/1.1" 200 6234 "http://10.0.2.15/opencart/admin/" "Mozilla/5.0 (X11; Linux x86_64) AppleWebKit/537.36 (KHTML, like Gecko) Chrome/80.0.3987.122 Safari/537.36 OPR/67.0.3575.53"
172.17.0.5 - - [19/May/2020:20:54:01 +0000] "GET /opencart/admin/index.php?route=extension/dashboard/chart/chart&user_token=D4m2m3HE7rzrUJtOAePfa8p1EfQ6igQa&range=month HTTP/1.1" 200 1121 "http://10.0.2.15/opencart/admin/index.php?route=common/dashboard&user_token=D4m2m3HE7rzrUJtOAePfa8p1EfQ6igQa" "Mozilla/5.0 (X11; Linux x86_64) AppleWebKit/537.36 (KHTML, like Gecko) Chrome/80.0.3987.122 Safari/537.36 OPR/67.0.3575.53"
172.17.0.7 - - [19/May/2020:20:54:01 +0000] "GET /opencart/image/cache/profile-45x45.png HTTP/1.1" 200 2463 "http://10.0.2.15/opencart/admin/index.php?route=common/dashboard&user_token=RlMFD7kV6WRrISTGwrnaak5HgAyM8kRo" "Mozilla/5.0 (X11; Linux x86_64) AppleWebKit/537.36 (KHTML, like Gecko) Chrome/80.0.3987.122 Safari/537.36 OPR/67.0.3575.53"
172.17.0.7 - - [19/May/2020:20:54:01 +0000] "GET /opencart/admin/view/javascript/jquery/jqvmap/jqvmap.css HTTP/1.1" 200 773 "http://10.0.2.15/opencart/admin/index.php?route=common/dashboard&user_token=RlMFD7kV6WRrISTGwrnaak5HgAyM8kRo" "Mozilla/5.0 (X11; Linux x86_64) AppleWebKit/537.36 (KHTML, like Gecko) Chrome/80.0.3987.122 Safari/537.36 OPR/67.0.3575.53"
::1 - - [19/May/2020:20:54:01 +0000] "OPTIONS * HTTP/1.0" 200 126 "-" "Apache/2.4.29 (Ubuntu) (internal dummy connection)"
172.17.0.7 - - [19/May/2020:20:54:01 +0000] "GET /opencart/admin/view/javascript/jquery/jqvmap/jquery.vmap.js HTTP/1.1" 200 7277 "http://10.0.2.15/opencart/admin/index.php?route=common/dashboard&user_token=RlMFD7kV6WRrISTGwrnaak5HgAyM8kRo" "Mozilla/5.0 (X11; Linux x86_64) AppleWebKit/537.36 (KHTML, like Gecko) Chrome/80.0.3987.122 Safari/537.36 OPR/67.0.3575.53"
172.17.0.7 - - [19/May/2020:20:54:01 +0000] "GET /opencart/admin/view/javascript/jquery/jqvmap/maps/jquery.vmap.world.js HTTP/1.1" 200 23843 "http://10.0.2.15/opencart/admin/index.php?route=common/dashboard&user_token=RlMFD7kV6WRrISTGwrnaak5HgAyM8kRo" "Mozilla/5.0 (X11; Linux x86_64) AppleWebKit/537.36 (KHTML, like Gecko) Chrome/80.0.3987.122 Safari/537.36 OPR/67.0.3575.53"
172.17.0.7 - - [19/May/2020:20:54:02 +0000] "GET /opencart/admin/view/javascript/jquery/flot/jquery.flot.js HTTP/1.1" 200 27108 "http://10.0.2.15/opencart/admin/index.php?route=common/dashboard&user_token=RlMFD7kV6WRrISTGwrnaak5HgAyM8kRo" "Mozilla/5.0 (X11; Linux x86_64) AppleWebKit/537.36 (KHTML, like Gecko) Chrome/80.0.3987.122 Safari/537.36 OPR/67.0.3575.53"
172.17.0.7 - - [19/May/2020:20:54:02 +0000] "GET /opencart/admin/view/javascript/jquery/flot/jquery.flot.resize.min.js HTTP/1.1" 200 1299 "http://10.0.2.15/opencart/admin/index.php?route=common/dashboard&user_token=RlMFD7kV6WRrISTGwrnaak5HgAyM8kRo" "Mozilla/5.0 (X11; Linux x86_64) AppleWebKit/537.36 (KHTML, like Gecko) Chrome/80.0.3987.122 Safari/537.36 OPR/67.0.3575.53"
172.17.0.5 - - [19/May/2020:20:54:02 +0000] "GET /opencart/admin/index.php?route=extension/dashboard/map/map&user_token=D4m2m3HE7rzrUJtOAePfa8p1EfQ6igQa HTTP/1.1" 200 253 "http://10.0.2.15/opencart/admin/index.php?route=common/dashboard&user_token=D4m2m3HE7rzrUJtOAePfa8p1EfQ6igQa" "Mozilla/5.0 (X11; Linux x86_64) AppleWebKit/537.36 (KHTML, like Gecko) Chrome/80.0.3987.122 Safari/537.36 OPR/67.0.3575.53"
::1 - - [19/May/2020:20:54:02 +0000] "OPTIONS * HTTP/1.0" 200 126 "-" "Apache/2.4.29 (Ubuntu) (internal dummy connection)"
172.17.0.7 - - [19/May/2020:20:54:03 +0000] "GET /opencart/admin/index.php?route=extension/dashboard/chart/chart&user_token=RlMFD7kV6WRrISTGwrnaak5HgAyM8kRo&range=month HTTP/1.1" 200 1121 "http://10.0.2.15/opencart/admin/index.php?route=common/dashboard&user_token=RlMFD7kV6WRrISTGwrnaak5HgAyM8kRo" "Mozilla/5.0 (X11; Linux x86_64) AppleWebKit/537.36 (KHTML, like Gecko) Chrome/80.0.3987.122 Safari/537.36 OPR/67.0.3575.53"
::1 - - [19/May/2020:20:54:03 +0000] "OPTIONS * HTTP/1.0" 200 126 "-" "Apache/2.4.29 (Ubuntu) (internal dummy connection)"
172.17.0.5 - - [19/May/2020:20:54:03 +0000] "GET /opencart/admin/index.php?route=common/logout&user_token=D4m2m3HE7rzrUJtOAePfa8p1EfQ6igQa HTTP/1.1" 302 334 "http://10.0.2.15/opencart/admin/index.php?route=common/dashboard&user_token=D4m2m3HE7rzrUJtOAePfa8p1EfQ6igQa" "Mozilla/5.0 (X11; Linux x86_64) AppleWebKit/537.36 (KHTML, like Gecko) Chrome/80.0.3987.122 Safari/537.36 OPR/67.0.3575.53"
172.17.0.5 - - [19/May/2020:20:54:03 +0000] "GET /opencart/admin/index.php?route=common/login HTTP/1.1" 200 1427 "http://10.0.2.15/opencart/admin/index.php?route=common/dashboard&user_token=D4m2m3HE7rzrUJtOAePfa8p1EfQ6igQa" "Mozilla/5.0 (X11; Linux x86_64) AppleWebKit/537.36 (KHTML, like Gecko) Chrome/80.0.3987.122 Safari/537.36 OPR/67.0.3575.53"
172.17.0.7 - - [19/May/2020:20:54:04 +0000] "GET /opencart/admin/index.php?route=extension/dashboard/map/map&user_token=RlMFD7kV6WRrISTGwrnaak5HgAyM8kRo HTTP/1.1" 200 253 "http://10.0.2.15/opencart/admin/index.php?route=common/dashboard&user_token=RlMFD7kV6WRrISTGwrnaak5HgAyM8kRo" "Mozilla/5.0 (X11; Linux x86_64) AppleWebKit/537.36 (KHTML, like Gecko) Chrome/80.0.3987.122 Safari/537.36 OPR/67.0.3575.53"
::1 - - [19/May/2020:20:54:04 +0000] "OPTIONS * HTTP/1.0" 200 126 "-" "Apache/2.4.29 (Ubuntu) (internal dummy connection)"
::1 - - [19/May/2020:20:54:05 +0000] "OPTIONS * HTTP/1.0" 200 126 "-" "Apache/2.4.29 (Ubuntu) (internal dummy connection)"
::1 - - [19/May/2020:20:54:06 +0000] "OPTIONS * HTTP/1.0" 200 126 "-" "Apache/2.4.29 (Ubuntu) (internal dummy connection)"
::1 - - [19/May/2020:20:54:07 +0000] "OPTIONS * HTTP/1.0" 200 126 "-" "Apache/2.4.29 (Ubuntu) (internal dummy connection)"
::1 - - [19/May/2020:20:54:08 +0000] "OPTIONS * HTTP/1.0" 200 126 "-" "Apache/2.4.29 (Ubuntu) (internal dummy connection)"
::1 - - [19/May/2020:20:54:09 +0000] "OPTIONS * HTTP/1.0" 200 126 "-" "Apache/2.4.29 (Ubuntu) (internal dummy connection)"
::1 - - [19/May/2020:20:54:10 +0000] "OPTIONS * HTTP/1.0" 200 126 "-" "Apache/2.4.29 (Ubuntu) (internal dummy connection)"
::1 - - [19/May/2020:20:54:11 +0000] "OPTIONS * HTTP/1.0" 200 126 "-" "Apache/2.4.29 (Ubuntu) (internal dummy connection)"
::1 - - [19/May/2020:20:54:12 +0000] "OPTIONS * HTTP/1.0" 200 126 "-" "Apache/2.4.29 (Ubuntu) (internal dummy connection)"
::1 - - [19/May/2020:20:54:13 +0000] "OPTIONS * HTTP/1.0" 200 126 "-" "Apache/2.4.29 (Ubuntu) (internal dummy connection)"
::1 - - [19/May/2020:20:54:14 +0000] "OPTIONS * HTTP/1.0" 200 126 "-" "Apache/2.4.29 (Ubuntu) (internal dummy connection)"
::1 - - [19/May/2020:20:54:15 +0000] "OPTIONS * HTTP/1.0" 200 126 "-" "Apache/2.4.29 (Ubuntu) (internal dummy connection)"
::1 - - [19/May/2020:20:54:16 +0000] "OPTIONS * HTTP/1.0" 200 126 "-" "Apache/2.4.29 (Ubuntu) (internal dummy connection)"
::1 - - [19/May/2020:20:54:17 +0000] "OPTIONS * HTTP/1.0" 200 126 "-" "Apache/2.4.29 (Ubuntu) (internal dummy connection)"
::1 - - [19/May/2020:20:54:18 +0000] "OPTIONS * HTTP/1.0" 200 126 "-" "Apache/2.4.29 (Ubuntu) (internal dummy connection)"
::1 - - [19/May/2020:20:54:19 +0000] "OPTIONS * HTTP/1.0" 200 126 "-" "Apache/2.4.29 (Ubuntu) (internal dummy connection)"
::1 - - [19/May/2020:20:54:20 +0000] "OPTIONS * HTTP/1.0" 200 126 "-" "Apache/2.4.29 (Ubuntu) (internal dummy connection)"
172.17.0.4 - - [19/May/2020:21:14:11 +0000] "GET /opencart/admin/ HTTP/1.1" 200 1405 "-" "Mozilla/5.0 (X11; Linux x86_64) AppleWebKit/537.36 (KHTML, like Gecko) Chrome/70.0.3538.110 Safari/537.36"
172.17.0.4 - - [19/May/2020:21:14:12 +0000] "GET /opencart/admin/view/javascript/jquery/jquery-2.1.1.min.js HTTP/1.1" 200 29850 "http://10.0.2.15/opencart/admin/" "Mozilla/5.0 (X11; Linux x86_64) AppleWebKit/537.36 (KHTML, like Gecko) Chrome/70.0.3538.110 Safari/537.36"
172.17.0.4 - - [19/May/2020:21:14:12 +0000] "GET /opencart/admin/view/javascript/bootstrap/js/bootstrap.min.js HTTP/1.1" 200 10096 "http://10.0.2.15/opencart/admin/" "Mozilla/5.0 (X11; Linux x86_64) AppleWebKit/537.36 (KHTML, like Gecko) Chrome/70.0.3538.110 Safari/537.36"
172.17.0.4 - - [19/May/2020:21:14:12 +0000] "GET /opencart/admin/view/stylesheet/bootstrap.css HTTP/1.1" 200 22734 "http://10.0.2.15/opencart/admin/" "Mozilla/5.0 (X11; Linux x86_64) AppleWebKit/537.36 (KHTML, like Gecko) Chrome/70.0.3538.110 Safari/537.36"
172.17.0.4 - - [19/May/2020:21:14:12 +0000] "GET /opencart/admin/view/javascript/font-awesome/css/font-awesome.min.css HTTP/1.1" 200 7391 "http://10.0.2.15/opencart/admin/" "Mozilla/5.0 (X11; Linux x86_64) AppleWebKit/537.36 (KHTML, like Gecko) Chrome/70.0.3538.110 Safari/537.36"
172.17.0.4 - - [19/May/2020:21:14:12 +0000] "GET /opencart/admin/view/javascript/jquery/datetimepicker/moment/moment.min.js HTTP/1.1" 200 17377 "http://10.0.2.15/opencart/admin/" "Mozilla/5.0 (X11; Linux x86_64) AppleWebKit/537.36 (KHTML, like Gecko) Chrome/70.0.3538.110 Safari/537.36"
172.17.0.4 - - [19/May/2020:21:14:12 +0000] "GET /opencart/admin/view/javascript/jquery/datetimepicker/moment/moment-with-locales.min.js HTTP/1.1" 200 66464 "http://10.0.2.15/opencart/admin/" "Mozilla/5.0 (X11; Linux x86_64) AppleWebKit/537.36 (KHTML, like Gecko) Chrome/70.0.3538.110 Safari/537.36"
172.17.0.4 - - [19/May/2020:21:14:12 +0000] "GET /opencart/admin/view/javascript/jquery/datetimepicker/bootstrap-datetimepicker.min.js HTTP/1.1" 200 10235 "http://10.0.2.15/opencart/admin/" "Mozilla/5.0 (X11; Linux x86_64) AppleWebKit/537.36 (KHTML, like Gecko) Chrome/70.0.3538.110 Safari/537.36"
172.17.0.4 - - [19/May/2020:21:14:12 +0000] "GET /opencart/admin/view/javascript/jquery/datetimepicker/bootstrap-datetimepicker.min.css HTTP/1.1" 200 1411 "http://10.0.2.15/opencart/admin/" "Mozilla/5.0 (X11; Linux x86_64) AppleWebKit/537.36 (KHTML, like Gecko) Chrome/70.0.3538.110 Safari/537.36"
172.17.0.4 - - [19/May/2020:21:14:12 +0000] "GET /opencart/admin/view/stylesheet/stylesheet.css HTTP/1.1" 200 4303 "http://10.0.2.15/opencart/admin/" "Mozilla/5.0 (X11; Linux x86_64) AppleWebKit/537.36 (KHTML, like Gecko) Chrome/70.0.3538.110 Safari/537.36"
172.17.0.4 - - [19/May/2020:21:14:12 +0000] "GET /opencart/admin/view/javascript/common.js HTTP/1.1" 200 2639 "http://10.0.2.15/opencart/admin/" "Mozilla/5.0 (X11; Linux x86_64) AppleWebKit/537.36 (KHTML, like Gecko) Chrome/70.0.3538.110 Safari/537.36"
172.17.0.4 - - [19/May/2020:21:14:12 +0000] "GET /opencart/admin/view/image/logo.png HTTP/1.1" 200 3682 "http://10.0.2.15/opencart/admin/" "Mozilla/5.0 (X11; Linux x86_64) AppleWebKit/537.36 (KHTML, like Gecko) Chrome/70.0.3538.110 Safari/537.36"
172.17.0.4 - - [19/May/2020:21:14:13 +0000] "GET /opencart/admin/view/javascript/font-awesome/fonts/fontawesome-webfont.woff2?v=4.7.0 HTTP/1.1" 200 77423 "http://10.0.2.15/opencart/admin/view/javascript/font-awesome/css/font-awesome.min.css" "Mozilla/5.0 (X11; Linux x86_64) AppleWebKit/537.36 (KHTML, like Gecko) Chrome/70.0.3538.110 Safari/537.36"
172.17.0.4 - - [19/May/2020:21:14:14 +0000] "GET /favicon.ico HTTP/1.1" 404 487 "http://10.0.2.15/opencart/admin/" "Mozilla/5.0 (X11; Linux x86_64) AppleWebKit/537.36 (KHTML, like Gecko) Chrome/70.0.3538.110 Safari/537.36"
::1 - - [19/May/2020:21:14:15 +0000] "OPTIONS * HTTP/1.0" 200 126 "-" "Apache/2.4.29 (Ubuntu) (internal dummy connection)"
172.17.0.5 - - [19/May/2020:21:14:22 +0000] "GET /opencart/admin/ HTTP/1.1" 200 1405 "-" "Mozilla/5.0 (X11; Linux x86_64) AppleWebKit/537.36 (KHTML, like Gecko) Chrome/70.0.3538.110 Safari/537.36"
172.17.0.5 - - [19/May/2020:21:14:22 +0000] "GET /opencart/admin/view/javascript/jquery/jquery-2.1.1.min.js HTTP/1.1" 200 29850 "http://10.0.2.15/opencart/admin/" "Mozilla/5.0 (X11; Linux x86_64) AppleWebKit/537.36 (KHTML, like Gecko) Chrome/70.0.3538.110 Safari/537.36"
172.17.0.5 - - [19/May/2020:21:14:22 +0000] "GET /opencart/admin/view/javascript/bootstrap/js/bootstrap.min.js HTTP/1.1" 200 10096 "http://10.0.2.15/opencart/admin/" "Mozilla/5.0 (X11; Linux x86_64) AppleWebKit/537.36 (KHTML, like Gecko) Chrome/70.0.3538.110 Safari/537.36"
172.17.0.5 - - [19/May/2020:21:14:22 +0000] "GET /opencart/admin/view/stylesheet/bootstrap.css HTTP/1.1" 200 22734 "http://10.0.2.15/opencart/admin/" "Mozilla/5.0 (X11; Linux x86_64) AppleWebKit/537.36 (KHTML, like Gecko) Chrome/70.0.3538.110 Safari/537.36"
172.17.0.5 - - [19/May/2020:21:14:22 +0000] "GET /opencart/admin/view/javascript/font-awesome/css/font-awesome.min.css HTTP/1.1" 200 7391 "http://10.0.2.15/opencart/admin/" "Mozilla/5.0 (X11; Linux x86_64) AppleWebKit/537.36 (KHTML, like Gecko) Chrome/70.0.3538.110 Safari/537.36"
172.17.0.5 - - [19/May/2020:21:14:22 +0000] "GET /opencart/admin/view/javascript/jquery/datetimepicker/moment/moment.min.js HTTP/1.1" 200 17377 "http://10.0.2.15/opencart/admin/" "Mozilla/5.0 (X11; Linux x86_64) AppleWebKit/537.36 (KHTML, like Gecko) Chrome/70.0.3538.110 Safari/537.36"
172.17.0.5 - - [19/May/2020:21:14:22 +0000] "GET /opencart/admin/view/javascript/jquery/datetimepicker/bootstrap-datetimepicker.min.js HTTP/1.1" 200 10235 "http://10.0.2.15/opencart/admin/" "Mozilla/5.0 (X11; Linux x86_64) AppleWebKit/537.36 (KHTML, like Gecko) Chrome/70.0.3538.110 Safari/537.36"
172.17.0.5 - - [19/May/2020:21:14:22 +0000] "GET /opencart/admin/view/javascript/jquery/datetimepicker/moment/moment-with-locales.min.js HTTP/1.1" 200 66464 "http://10.0.2.15/opencart/admin/" "Mozilla/5.0 (X11; Linux x86_64) AppleWebKit/537.36 (KHTML, like Gecko) Chrome/70.0.3538.110 Safari/537.36"
172.17.0.5 - - [19/May/2020:21:14:22 +0000] "GET /opencart/admin/view/javascript/jquery/datetimepicker/bootstrap-datetimepicker.min.css HTTP/1.1" 200 1411 "http://10.0.2.15/opencart/admin/" "Mozilla/5.0 (X11; Linux x86_64) AppleWebKit/537.36 (KHTML, like Gecko) Chrome/70.0.3538.110 Safari/537.36"
172.17.0.5 - - [19/May/2020:21:14:22 +0000] "GET /opencart/admin/view/stylesheet/stylesheet.css HTTP/1.1" 200 4303 "http://10.0.2.15/opencart/admin/" "Mozilla/5.0 (X11; Linux x86_64) AppleWebKit/537.36 (KHTML, like Gecko) Chrome/70.0.3538.110 Safari/537.36"
172.17.0.5 - - [19/May/2020:21:14:22 +0000] "GET /opencart/admin/view/javascript/common.js HTTP/1.1" 200 2639 "http://10.0.2.15/opencart/admin/" "Mozilla/5.0 (X11; Linux x86_64) AppleWebKit/537.36 (KHTML, like Gecko) Chrome/70.0.3538.110 Safari/537.36"
172.17.0.5 - - [19/May/2020:21:14:22 +0000] "GET /opencart/admin/view/image/logo.png HTTP/1.1" 200 3682 "http://10.0.2.15/opencart/admin/" "Mozilla/5.0 (X11; Linux x86_64) AppleWebKit/537.36 (KHTML, like Gecko) Chrome/70.0.3538.110 Safari/537.36"
172.17.0.5 - - [19/May/2020:21:14:23 +0000] "GET /opencart/admin/view/javascript/font-awesome/fonts/fontawesome-webfont.woff2?v=4.7.0 HTTP/1.1" 200 77423 "http://10.0.2.15/opencart/admin/view/javascript/font-awesome/css/font-awesome.min.css" "Mozilla/5.0 (X11; Linux x86_64) AppleWebKit/537.36 (KHTML, like Gecko) Chrome/70.0.3538.110 Safari/537.36"
172.17.0.5 - - [19/May/2020:21:14:23 +0000] "GET /favicon.ico HTTP/1.1" 404 487 "http://10.0.2.15/opencart/admin/" "Mozilla/5.0 (X11; Linux x86_64) AppleWebKit/537.36 (KHTML, like Gecko) Chrome/70.0.3538.110 Safari/537.36"
172.17.0.5 - - [19/May/2020:21:14:24 +0000] "POST /opencart/admin/index.php?route=common/login HTTP/1.1" 302 382 "http://10.0.2.15/opencart/admin/" "Mozilla/5.0 (X11; Linux x86_64) AppleWebKit/537.36 (KHTML, like Gecko) Chrome/70.0.3538.110 Safari/537.36"
172.17.0.5 - - [19/May/2020:21:14:24 +0000] "GET /opencart/admin/index.php?route=common/dashboard&user_token=soXy5Q4bs6WD67UEuKqQAXtaoSf8a3qE HTTP/1.1" 200 6236 "http://10.0.2.15/opencart/admin/" "Mozilla/5.0 (X11; Linux x86_64) AppleWebKit/537.36 (KHTML, like Gecko) Chrome/70.0.3538.110 Safari/537.36"
172.17.0.5 - - [19/May/2020:21:14:24 +0000] "GET /opencart/image/cache/profile-45x45.png HTTP/1.1" 200 2463 "http://10.0.2.15/opencart/admin/index.php?route=common/dashboard&user_token=soXy5Q4bs6WD67UEuKqQAXtaoSf8a3qE" "Mozilla/5.0 (X11; Linux x86_64) AppleWebKit/537.36 (KHTML, like Gecko) Chrome/70.0.3538.110 Safari/537.36"
172.17.0.5 - - [19/May/2020:21:14:24 +0000] "GET /opencart/admin/view/javascript/jquery/jqvmap/jqvmap.css HTTP/1.1" 200 773 "http://10.0.2.15/opencart/admin/index.php?route=common/dashboard&user_token=soXy5Q4bs6WD67UEuKqQAXtaoSf8a3qE" "Mozilla/5.0 (X11; Linux x86_64) AppleWebKit/537.36 (KHTML, like Gecko) Chrome/70.0.3538.110 Safari/537.36"
172.17.0.5 - - [19/May/2020:21:14:24 +0000] "GET /opencart/admin/view/javascript/jquery/jqvmap/jquery.vmap.js HTTP/1.1" 200 7277 "http://10.0.2.15/opencart/admin/index.php?route=common/dashboard&user_token=soXy5Q4bs6WD67UEuKqQAXtaoSf8a3qE" "Mozilla/5.0 (X11; Linux x86_64) AppleWebKit/537.36 (KHTML, like Gecko) Chrome/70.0.3538.110 Safari/537.36"
172.17.0.5 - - [19/May/2020:21:14:25 +0000] "GET /opencart/admin/view/javascript/jquery/jqvmap/maps/jquery.vmap.world.js HTTP/1.1" 200 23843 "http://10.0.2.15/opencart/admin/index.php?route=common/dashboard&user_token=soXy5Q4bs6WD67UEuKqQAXtaoSf8a3qE" "Mozilla/5.0 (X11; Linux x86_64) AppleWebKit/537.36 (KHTML, like Gecko) Chrome/70.0.3538.110 Safari/537.36"
172.17.0.5 - - [19/May/2020:21:14:25 +0000] "GET /opencart/admin/view/javascript/jquery/flot/jquery.flot.js HTTP/1.1" 200 27108 "http://10.0.2.15/opencart/admin/index.php?route=common/dashboard&user_token=soXy5Q4bs6WD67UEuKqQAXtaoSf8a3qE" "Mozilla/5.0 (X11; Linux x86_64) AppleWebKit/537.36 (KHTML, like Gecko) Chrome/70.0.3538.110 Safari/537.36"
172.17.0.5 - - [19/May/2020:21:14:25 +0000] "GET /opencart/admin/view/javascript/jquery/flot/jquery.flot.resize.min.js HTTP/1.1" 200 1299 "http://10.0.2.15/opencart/admin/index.php?route=common/dashboard&user_token=soXy5Q4bs6WD67UEuKqQAXtaoSf8a3qE" "Mozilla/5.0 (X11; Linux x86_64) AppleWebKit/537.36 (KHTML, like Gecko) Chrome/70.0.3538.110 Safari/537.36"
172.17.0.5 - - [19/May/2020:21:14:26 +0000] "GET /opencart/admin/index.php?route=extension/dashboard/chart/chart&user_token=soXy5Q4bs6WD67UEuKqQAXtaoSf8a3qE&range=month HTTP/1.1" 200 1121 "http://10.0.2.15/opencart/admin/index.php?route=common/dashboard&user_token=soXy5Q4bs6WD67UEuKqQAXtaoSf8a3qE" "Mozilla/5.0 (X11; Linux x86_64) AppleWebKit/537.36 (KHTML, like Gecko) Chrome/70.0.3538.110 Safari/537.36"
172.17.0.5 - - [19/May/2020:21:14:26 +0000] "GET /opencart/admin/index.php?route=extension/dashboard/map/map&user_token=soXy5Q4bs6WD67UEuKqQAXtaoSf8a3qE HTTP/1.1" 200 253 "http://10.0.2.15/opencart/admin/index.php?route=common/dashboard&user_token=soXy5Q4bs6WD67UEuKqQAXtaoSf8a3qE" "Mozilla/5.0 (X11; Linux x86_64) AppleWebKit/537.36 (KHTML, like Gecko) Chrome/70.0.3538.110 Safari/537.36"
::1 - - [19/May/2020:21:14:27 +0000] "OPTIONS * HTTP/1.0" 200 126 "-" "Apache/2.4.29 (Ubuntu) (internal dummy connection)"
172.17.0.4 - - [19/May/2020:21:14:32 +0000] "GET /opencart/admin/ HTTP/1.1" 200 1405 "-" "Mozilla/5.0 (X11; Linux x86_64) AppleWebKit/537.36 (KHTML, like Gecko) Chrome/70.0.3538.110 Safari/537.36"
172.17.0.4 - - [19/May/2020:21:14:32 +0000] "GET /opencart/admin/view/javascript/jquery/jquery-2.1.1.min.js HTTP/1.1" 200 29850 "http://10.0.2.15/opencart/admin/" "Mozilla/5.0 (X11; Linux x86_64) AppleWebKit/537.36 (KHTML, like Gecko) Chrome/70.0.3538.110 Safari/537.36"
172.17.0.4 - - [19/May/2020:21:14:32 +0000] "GET /opencart/admin/view/javascript/bootstrap/js/bootstrap.min.js HTTP/1.1" 200 10097 "http://10.0.2.15/opencart/admin/" "Mozilla/5.0 (X11; Linux x86_64) AppleWebKit/537.36 (KHTML, like Gecko) Chrome/70.0.3538.110 Safari/537.36"
172.17.0.4 - - [19/May/2020:21:14:32 +0000] "GET /opencart/admin/view/javascript/font-awesome/css/font-awesome.min.css HTTP/1.1" 200 7391 "http://10.0.2.15/opencart/admin/" "Mozilla/5.0 (X11; Linux x86_64) AppleWebKit/537.36 (KHTML, like Gecko) Chrome/70.0.3538.110 Safari/537.36"
172.17.0.4 - - [19/May/2020:21:14:32 +0000] "GET /opencart/admin/view/javascript/jquery/datetimepicker/moment/moment.min.js HTTP/1.1" 200 17376 "http://10.0.2.15/opencart/admin/" "Mozilla/5.0 (X11; Linux x86_64) AppleWebKit/537.36 (KHTML, like Gecko) Chrome/70.0.3538.110 Safari/537.36"
172.17.0.4 - - [19/May/2020:21:14:32 +0000] "GET /opencart/admin/view/stylesheet/bootstrap.css HTTP/1.1" 200 22734 "http://10.0.2.15/opencart/admin/" "Mozilla/5.0 (X11; Linux x86_64) AppleWebKit/537.36 (KHTML, like Gecko) Chrome/70.0.3538.110 Safari/537.36"
172.17.0.4 - - [19/May/2020:21:14:32 +0000] "GET /opencart/admin/view/javascript/jquery/datetimepicker/bootstrap-datetimepicker.min.js HTTP/1.1" 200 10235 "http://10.0.2.15/opencart/admin/" "Mozilla/5.0 (X11; Linux x86_64) AppleWebKit/537.36 (KHTML, like Gecko) Chrome/70.0.3538.110 Safari/537.36"
172.17.0.4 - - [19/May/2020:21:14:32 +0000] "GET /opencart/admin/view/javascript/jquery/datetimepicker/moment/moment-with-locales.min.js HTTP/1.1" 200 66464 "http://10.0.2.15/opencart/admin/" "Mozilla/5.0 (X11; Linux x86_64) AppleWebKit/537.36 (KHTML, like Gecko) Chrome/70.0.3538.110 Safari/537.36"
172.17.0.4 - - [19/May/2020:21:14:32 +0000] "GET /opencart/admin/view/javascript/jquery/datetimepicker/bootstrap-datetimepicker.min.css HTTP/1.1" 200 1411 "http://10.0.2.15/opencart/admin/" "Mozilla/5.0 (X11; Linux x86_64) AppleWebKit/537.36 (KHTML, like Gecko) Chrome/70.0.3538.110 Safari/537.36"
172.17.0.4 - - [19/May/2020:21:14:32 +0000] "GET /opencart/admin/view/stylesheet/stylesheet.css HTTP/1.1" 200 4303 "http://10.0.2.15/opencart/admin/" "Mozilla/5.0 (X11; Linux x86_64) AppleWebKit/537.36 (KHTML, like Gecko) Chrome/70.0.3538.110 Safari/537.36"
172.17.0.4 - - [19/May/2020:21:14:32 +0000] "GET /opencart/admin/view/javascript/common.js HTTP/1.1" 200 2639 "http://10.0.2.15/opencart/admin/" "Mozilla/5.0 (X11; Linux x86_64) AppleWebKit/537.36 (KHTML, like Gecko) Chrome/70.0.3538.110 Safari/537.36"
172.17.0.4 - - [19/May/2020:21:14:32 +0000] "GET /opencart/admin/view/image/logo.png HTTP/1.1" 200 3682 "http://10.0.2.15/opencart/admin/" "Mozilla/5.0 (X11; Linux x86_64) AppleWebKit/537.36 (KHTML, like Gecko) Chrome/70.0.3538.110 Safari/537.36"
172.17.0.4 - - [19/May/2020:21:14:32 +0000] "GET /opencart/admin/view/javascript/font-awesome/fonts/fontawesome-webfont.woff2?v=4.7.0 HTTP/1.1" 200 77423 "http://10.0.2.15/opencart/admin/view/javascript/font-awesome/css/font-awesome.min.css" "Mozilla/5.0 (X11; Linux x86_64) AppleWebKit/537.36 (KHTML, like Gecko) Chrome/70.0.3538.110 Safari/537.36"
172.17.0.4 - - [19/May/2020:21:14:33 +0000] "GET /favicon.ico HTTP/1.1" 404 487 "http://10.0.2.15/opencart/admin/" "Mozilla/5.0 (X11; Linux x86_64) AppleWebKit/537.36 (KHTML, like Gecko) Chrome/70.0.3538.110 Safari/537.36"
172.17.0.4 - - [19/May/2020:21:14:33 +0000] "POST /opencart/admin/index.php?route=common/login HTTP/1.1" 200 1523 "http://10.0.2.15/opencart/admin/" "Mozilla/5.0 (X11; Linux x86_64) AppleWebKit/537.36 (KHTML, like Gecko) Chrome/70.0.3538.110 Safari/537.36"
::1 - - [19/May/2020:21:14:34 +0000] "OPTIONS * HTTP/1.0" 200 126 "-" "Apache/2.4.29 (Ubuntu) (internal dummy connection)"
172.17.0.5 - - [19/May/2020:21:14:41 +0000] "GET /opencart/admin/ HTTP/1.1" 200 1405 "-" "Mozilla/5.0 (X11; Linux x86_64) AppleWebKit/537.36 (KHTML, like Gecko) Chrome/70.0.3538.110 Safari/537.36"
172.17.0.5 - - [19/May/2020:21:14:41 +0000] "GET /opencart/admin/view/javascript/bootstrap/js/bootstrap.min.js HTTP/1.1" 200 10097 "http://10.0.2.15/opencart/admin/" "Mozilla/5.0 (X11; Linux x86_64) AppleWebKit/537.36 (KHTML, like Gecko) Chrome/70.0.3538.110 Safari/537.36"
172.17.0.5 - - [19/May/2020:21:14:41 +0000] "GET /opencart/admin/view/javascript/jquery/jquery-2.1.1.min.js HTTP/1.1" 200 29850 "http://10.0.2.15/opencart/admin/" "Mozilla/5.0 (X11; Linux x86_64) AppleWebKit/537.36 (KHTML, like Gecko) Chrome/70.0.3538.110 Safari/537.36"
172.17.0.5 - - [19/May/2020:21:14:41 +0000] "GET /opencart/admin/view/stylesheet/bootstrap.css HTTP/1.1" 200 22733 "http://10.0.2.15/opencart/admin/" "Mozilla/5.0 (X11; Linux x86_64) AppleWebKit/537.36 (KHTML, like Gecko) Chrome/70.0.3538.110 Safari/537.36"
172.17.0.5 - - [19/May/2020:21:14:41 +0000] "GET /opencart/admin/view/javascript/font-awesome/css/font-awesome.min.css HTTP/1.1" 200 7391 "http://10.0.2.15/opencart/admin/" "Mozilla/5.0 (X11; Linux x86_64) AppleWebKit/537.36 (KHTML, like Gecko) Chrome/70.0.3538.110 Safari/537.36"
172.17.0.5 - - [19/May/2020:21:14:41 +0000] "GET /opencart/admin/view/javascript/jquery/datetimepicker/moment/moment.min.js HTTP/1.1" 200 17377 "http://10.0.2.15/opencart/admin/" "Mozilla/5.0 (X11; Linux x86_64) AppleWebKit/537.36 (KHTML, like Gecko) Chrome/70.0.3538.110 Safari/537.36"
172.17.0.5 - - [19/May/2020:21:14:41 +0000] "GET /opencart/admin/view/javascript/jquery/datetimepicker/moment/moment-with-locales.min.js HTTP/1.1" 200 66464 "http://10.0.2.15/opencart/admin/" "Mozilla/5.0 (X11; Linux x86_64) AppleWebKit/537.36 (KHTML, like Gecko) Chrome/70.0.3538.110 Safari/537.36"
172.17.0.5 - - [19/May/2020:21:14:41 +0000] "GET /opencart/admin/view/javascript/jquery/datetimepicker/bootstrap-datetimepicker.min.js HTTP/1.1" 200 10235 "http://10.0.2.15/opencart/admin/" "Mozilla/5.0 (X11; Linux x86_64) AppleWebKit/537.36 (KHTML, like Gecko) Chrome/70.0.3538.110 Safari/537.36"
172.17.0.5 - - [19/May/2020:21:14:41 +0000] "GET /opencart/admin/view/javascript/jquery/datetimepicker/bootstrap-datetimepicker.min.css HTTP/1.1" 200 1411 "http://10.0.2.15/opencart/admin/" "Mozilla/5.0 (X11; Linux x86_64) AppleWebKit/537.36 (KHTML, like Gecko) Chrome/70.0.3538.110 Safari/537.36"
172.17.0.5 - - [19/May/2020:21:14:41 +0000] "GET /opencart/admin/view/stylesheet/stylesheet.css HTTP/1.1" 200 4303 "http://10.0.2.15/opencart/admin/" "Mozilla/5.0 (X11; Linux x86_64) AppleWebKit/537.36 (KHTML, like Gecko) Chrome/70.0.3538.110 Safari/537.36"
172.17.0.5 - - [19/May/2020:21:14:41 +0000] "GET /opencart/admin/view/javascript/common.js HTTP/1.1" 200 2639 "http://10.0.2.15/opencart/admin/" "Mozilla/5.0 (X11; Linux x86_64) AppleWebKit/537.36 (KHTML, like Gecko) Chrome/70.0.3538.110 Safari/537.36"
172.17.0.5 - - [19/May/2020:21:14:41 +0000] "GET /opencart/admin/view/image/logo.png HTTP/1.1" 200 3682 "http://10.0.2.15/opencart/admin/" "Mozilla/5.0 (X11; Linux x86_64) AppleWebKit/537.36 (KHTML, like Gecko) Chrome/70.0.3538.110 Safari/537.36"
172.17.0.5 - - [19/May/2020:21:14:41 +0000] "GET /opencart/admin/view/javascript/font-awesome/fonts/fontawesome-webfont.woff2?v=4.7.0 HTTP/1.1" 200 77423 "http://10.0.2.15/opencart/admin/view/javascript/font-awesome/css/font-awesome.min.css" "Mozilla/5.0 (X11; Linux x86_64) AppleWebKit/537.36 (KHTML, like Gecko) Chrome/70.0.3538.110 Safari/537.36"
172.17.0.5 - - [19/May/2020:21:14:42 +0000] "GET /favicon.ico HTTP/1.1" 404 487 "http://10.0.2.15/opencart/admin/" "Mozilla/5.0 (X11; Linux x86_64) AppleWebKit/537.36 (KHTML, like Gecko) Chrome/70.0.3538.110 Safari/537.36"
172.17.0.5 - - [19/May/2020:21:14:42 +0000] "POST /opencart/admin/index.php?route=common/login HTTP/1.1" 302 382 "http://10.0.2.15/opencart/admin/" "Mozilla/5.0 (X11; Linux x86_64) AppleWebKit/537.36 (KHTML, like Gecko) Chrome/70.0.3538.110 Safari/537.36"
172.17.0.5 - - [19/May/2020:21:14:42 +0000] "GET /opencart/admin/index.php?route=common/dashboard&user_token=ndkC9vvtohZWgbVDAmKsQyuL4TV9Payo HTTP/1.1" 200 6235 "http://10.0.2.15/opencart/admin/" "Mozilla/5.0 (X11; Linux x86_64) AppleWebKit/537.36 (KHTML, like Gecko) Chrome/70.0.3538.110 Safari/537.36"
172.17.0.5 - - [19/May/2020:21:14:43 +0000] "GET /opencart/image/cache/profile-45x45.png HTTP/1.1" 200 2463 "http://10.0.2.15/opencart/admin/index.php?route=common/dashboard&user_token=ndkC9vvtohZWgbVDAmKsQyuL4TV9Payo" "Mozilla/5.0 (X11; Linux x86_64) AppleWebKit/537.36 (KHTML, like Gecko) Chrome/70.0.3538.110 Safari/537.36"
172.17.0.5 - - [19/May/2020:21:14:43 +0000] "GET /opencart/admin/view/javascript/jquery/jqvmap/jqvmap.css HTTP/1.1" 200 773 "http://10.0.2.15/opencart/admin/index.php?route=common/dashboard&user_token=ndkC9vvtohZWgbVDAmKsQyuL4TV9Payo" "Mozilla/5.0 (X11; Linux x86_64) AppleWebKit/537.36 (KHTML, like Gecko) Chrome/70.0.3538.110 Safari/537.36"
172.17.0.5 - - [19/May/2020:21:14:43 +0000] "GET /opencart/admin/view/javascript/jquery/jqvmap/jquery.vmap.js HTTP/1.1" 200 7277 "http://10.0.2.15/opencart/admin/index.php?route=common/dashboard&user_token=ndkC9vvtohZWgbVDAmKsQyuL4TV9Payo" "Mozilla/5.0 (X11; Linux x86_64) AppleWebKit/537.36 (KHTML, like Gecko) Chrome/70.0.3538.110 Safari/537.36"
172.17.0.5 - - [19/May/2020:21:14:43 +0000] "GET /opencart/admin/view/javascript/jquery/jqvmap/maps/jquery.vmap.world.js HTTP/1.1" 200 23843 "http://10.0.2.15/opencart/admin/index.php?route=common/dashboard&user_token=ndkC9vvtohZWgbVDAmKsQyuL4TV9Payo" "Mozilla/5.0 (X11; Linux x86_64) AppleWebKit/537.36 (KHTML, like Gecko) Chrome/70.0.3538.110 Safari/537.36"
172.17.0.5 - - [19/May/2020:21:14:43 +0000] "GET /opencart/admin/view/javascript/jquery/flot/jquery.flot.js HTTP/1.1" 200 27108 "http://10.0.2.15/opencart/admin/index.php?route=common/dashboard&user_token=ndkC9vvtohZWgbVDAmKsQyuL4TV9Payo" "Mozilla/5.0 (X11; Linux x86_64) AppleWebKit/537.36 (KHTML, like Gecko) Chrome/70.0.3538.110 Safari/537.36"
172.17.0.5 - - [19/May/2020:21:14:43 +0000] "GET /opencart/admin/view/javascript/jquery/flot/jquery.flot.resize.min.js HTTP/1.1" 200 1299 "http://10.0.2.15/opencart/admin/index.php?route=common/dashboard&user_token=ndkC9vvtohZWgbVDAmKsQyuL4TV9Payo" "Mozilla/5.0 (X11; Linux x86_64) AppleWebKit/537.36 (KHTML, like Gecko) Chrome/70.0.3538.110 Safari/537.36"
172.17.0.5 - - [19/May/2020:21:14:43 +0000] "GET /opencart/admin/index.php?route=extension/dashboard/chart/chart&user_token=ndkC9vvtohZWgbVDAmKsQyuL4TV9Payo&range=month HTTP/1.1" 200 1121 "http://10.0.2.15/opencart/admin/index.php?route=common/dashboard&user_token=ndkC9vvtohZWgbVDAmKsQyuL4TV9Payo" "Mozilla/5.0 (X11; Linux x86_64) AppleWebKit/537.36 (KHTML, like Gecko) Chrome/70.0.3538.110 Safari/537.36"
172.17.0.5 - - [19/May/2020:21:14:43 +0000] "GET /opencart/admin/index.php?route=extension/dashboard/map/map&user_token=ndkC9vvtohZWgbVDAmKsQyuL4TV9Payo HTTP/1.1" 200 253 "http://10.0.2.15/opencart/admin/index.php?route=common/dashboard&user_token=ndkC9vvtohZWgbVDAmKsQyuL4TV9Payo" "Mozilla/5.0 (X11; Linux x86_64) AppleWebKit/537.36 (KHTML, like Gecko) Chrome/70.0.3538.110 Safari/537.36"
172.17.0.5 - - [19/May/2020:21:14:44 +0000] "GET /opencart/admin/index.php?route=common/logout&user_token=ndkC9vvtohZWgbVDAmKsQyuL4TV9Payo HTTP/1.1" 302 334 "http://10.0.2.15/opencart/admin/index.php?route=common/dashboard&user_token=ndkC9vvtohZWgbVDAmKsQyuL4TV9Payo" "Mozilla/5.0 (X11; Linux x86_64) AppleWebKit/537.36 (KHTML, like Gecko) Chrome/70.0.3538.110 Safari/537.36"
172.17.0.5 - - [19/May/2020:21:14:44 +0000] "GET /opencart/admin/index.php?route=common/login HTTP/1.1" 200 1427 "http://10.0.2.15/opencart/admin/index.php?route=common/dashboard&user_token=ndkC9vvtohZWgbVDAmKsQyuL4TV9Payo" "Mozilla/5.0 (X11; Linux x86_64) AppleWebKit/537.36 (KHTML, like Gecko) Chrome/70.0.3538.110 Safari/537.36"
                                                             172.17.0.4 - - [19/May/2020:21:22:07 +0000] "GET /opencart/admin/ HTTP/1.1" 200 1405 "-" "Mozilla/5.0 (X11; Linux x86_64) AppleWebKit/537.36 (KHTML, like Gecko) Chrome/70.0.3538.110 Safari/537.36"
172.17.0.4 - - [19/May/2020:21:22:07 +0000] "GET /opencart/admin/view/javascript/font-awesome/css/font-awesome.min.css HTTP/1.1" 200 7391 "http://10.0.2.15/opencart/admin/" "Mozilla/5.0 (X11; Linux x86_64) AppleWebKit/537.36 (KHTML, like Gecko) Chrome/70.0.3538.110 Safari/537.36"
172.17.0.4 - - [19/May/2020:21:22:07 +0000] "GET /opencart/admin/view/javascript/bootstrap/js/bootstrap.min.js HTTP/1.1" 200 10097 "http://10.0.2.15/opencart/admin/" "Mozilla/5.0 (X11; Linux x86_64) AppleWebKit/537.36 (KHTML, like Gecko) Chrome/70.0.3538.110 Safari/537.36"
172.17.0.4 - - [19/May/2020:21:22:07 +0000] "GET /opencart/admin/view/stylesheet/bootstrap.css HTTP/1.1" 200 22734 "http://10.0.2.15/opencart/admin/" "Mozilla/5.0 (X11; Linux x86_64) AppleWebKit/537.36 (KHTML, like Gecko) Chrome/70.0.3538.110 Safari/537.36"
172.17.0.4 - - [19/May/2020:21:22:07 +0000] "GET /opencart/admin/view/javascript/jquery/datetimepicker/moment/moment.min.js HTTP/1.1" 200 17377 "http://10.0.2.15/opencart/admin/" "Mozilla/5.0 (X11; Linux x86_64) AppleWebKit/537.36 (KHTML, like Gecko) Chrome/70.0.3538.110 Safari/537.36"
172.17.0.4 - - [19/May/2020:21:22:07 +0000] "GET /opencart/admin/view/javascript/jquery/jquery-2.1.1.min.js HTTP/1.1" 200 29850 "http://10.0.2.15/opencart/admin/" "Mozilla/5.0 (X11; Linux x86_64) AppleWebKit/537.36 (KHTML, like Gecko) Chrome/70.0.3538.110 Safari/537.36"
172.17.0.4 - - [19/May/2020:21:22:07 +0000] "GET /opencart/admin/view/javascript/jquery/datetimepicker/bootstrap-datetimepicker.min.css HTTP/1.1" 200 1411 "http://10.0.2.15/opencart/admin/" "Mozilla/5.0 (X11; Linux x86_64) AppleWebKit/537.36 (KHTML, like Gecko) Chrome/70.0.3538.110 Safari/537.36"
172.17.0.4 - - [19/May/2020:21:22:07 +0000] "GET /opencart/admin/view/stylesheet/stylesheet.css HTTP/1.1" 200 4303 "http://10.0.2.15/opencart/admin/" "Mozilla/5.0 (X11; Linux x86_64) AppleWebKit/537.36 (KHTML, like Gecko) Chrome/70.0.3538.110 Safari/537.36"
172.17.0.4 - - [19/May/2020:21:22:07 +0000] "GET /opencart/admin/view/javascript/jquery/datetimepicker/bootstrap-datetimepicker.min.js HTTP/1.1" 200 10234 "http://10.0.2.15/opencart/admin/" "Mozilla/5.0 (X11; Linux x86_64) AppleWebKit/537.36 (KHTML, like Gecko) Chrome/70.0.3538.110 Safari/537.36"
172.17.0.4 - - [19/May/2020:21:22:07 +0000] "GET /opencart/admin/view/javascript/common.js HTTP/1.1" 200 2639 "http://10.0.2.15/opencart/admin/" "Mozilla/5.0 (X11; Linux x86_64) AppleWebKit/537.36 (KHTML, like Gecko) Chrome/70.0.3538.110 Safari/537.36"
172.17.0.4 - - [19/May/2020:21:22:07 +0000] "GET /opencart/admin/view/image/logo.png HTTP/1.1" 200 3682 "http://10.0.2.15/opencart/admin/" "Mozilla/5.0 (X11; Linux x86_64) AppleWebKit/537.36 (KHTML, like Gecko) Chrome/70.0.3538.110 Safari/537.36"
172.17.0.4 - - [19/May/2020:21:22:08 +0000] "GET /opencart/admin/view/javascript/jquery/datetimepicker/moment/moment-with-locales.min.js HTTP/1.1" 200 66464 "http://10.0.2.15/opencart/admin/" "Mozilla/5.0 (X11; Linux x86_64) AppleWebKit/537.36 (KHTML, like Gecko) Chrome/70.0.3538.110 Safari/537.36"
172.17.0.4 - - [19/May/2020:21:22:08 +0000] "GET /opencart/admin/view/javascript/font-awesome/fonts/fontawesome-webfont.woff2?v=4.7.0 HTTP/1.1" 200 77423 "http://10.0.2.15/opencart/admin/view/javascript/font-awesome/css/font-awesome.min.css" "Mozilla/5.0 (X11; Linux x86_64) AppleWebKit/537.36 (KHTML, like Gecko) Chrome/70.0.3538.110 Safari/537.36"
172.17.0.4 - - [19/May/2020:21:22:08 +0000] "GET /favicon.ico HTTP/1.1" 404 487 "http://10.0.2.15/opencart/admin/" "Mozilla/5.0 (X11; Linux x86_64) AppleWebKit/537.36 (KHTML, like Gecko) Chrome/70.0.3538.110 Safari/537.36"
172.17.0.4 - - [19/May/2020:21:22:09 +0000] "POST /opencart/admin/index.php?route=common/login HTTP/1.1" 302 382 "http://10.0.2.15/opencart/admin/" "Mozilla/5.0 (X11; Linux x86_64) AppleWebKit/537.36 (KHTML, like Gecko) Chrome/70.0.3538.110 Safari/537.36"
172.17.0.4 - - [19/May/2020:21:22:09 +0000] "GET /opencart/admin/index.php?route=common/dashboard&user_token=vBNgWzpSXEAqKxaeBDfoAY7YNUyN7qV4 HTTP/1.1" 200 6237 "http://10.0.2.15/opencart/admin/" "Mozilla/5.0 (X11; Linux x86_64) AppleWebKit/537.36 (KHTML, like Gecko) Chrome/70.0.3538.110 Safari/537.36"
172.17.0.4 - - [19/May/2020:21:22:09 +0000] "GET /opencart/image/cache/profile-45x45.png HTTP/1.1" 200 2463 "http://10.0.2.15/opencart/admin/index.php?route=common/dashboard&user_token=vBNgWzpSXEAqKxaeBDfoAY7YNUyN7qV4" "Mozilla/5.0 (X11; Linux x86_64) AppleWebKit/537.36 (KHTML, like Gecko) Chrome/70.0.3538.110 Safari/537.36"
172.17.0.4 - - [19/May/2020:21:22:09 +0000] "GET /opencart/admin/view/javascript/jquery/jqvmap/jqvmap.css HTTP/1.1" 200 773 "http://10.0.2.15/opencart/admin/index.php?route=common/dashboard&user_token=vBNgWzpSXEAqKxaeBDfoAY7YNUyN7qV4" "Mozilla/5.0 (X11; Linux x86_64) AppleWebKit/537.36 (KHTML, like Gecko) Chrome/70.0.3538.110 Safari/537.36"
172.17.0.4 - - [19/May/2020:21:22:09 +0000] "GET /opencart/admin/view/javascript/jquery/jqvmap/jquery.vmap.js HTTP/1.1" 200 7277 "http://10.0.2.15/opencart/admin/index.php?route=common/dashboard&user_token=vBNgWzpSXEAqKxaeBDfoAY7YNUyN7qV4" "Mozilla/5.0 (X11; Linux x86_64) AppleWebKit/537.36 (KHTML, like Gecko) Chrome/70.0.3538.110 Safari/537.36"
172.17.0.4 - - [19/May/2020:21:22:09 +0000] "GET /opencart/admin/view/javascript/jquery/jqvmap/maps/jquery.vmap.world.js HTTP/1.1" 200 23843 "http://10.0.2.15/opencart/admin/index.php?route=common/dashboard&user_token=vBNgWzpSXEAqKxaeBDfoAY7YNUyN7qV4" "Mozilla/5.0 (X11; Linux x86_64) AppleWebKit/537.36 (KHTML, like Gecko) Chrome/70.0.3538.110 Safari/537.36"
172.17.0.4 - - [19/May/2020:21:22:09 +0000] "GET /opencart/admin/view/javascript/jquery/flot/jquery.flot.js HTTP/1.1" 200 27108 "http://10.0.2.15/opencart/admin/index.php?route=common/dashboard&user_token=vBNgWzpSXEAqKxaeBDfoAY7YNUyN7qV4" "Mozilla/5.0 (X11; Linux x86_64) AppleWebKit/537.36 (KHTML, like Gecko) Chrome/70.0.3538.110 Safari/537.36"
172.17.0.4 - - [19/May/2020:21:22:09 +0000] "GET /opencart/admin/view/javascript/jquery/flot/jquery.flot.resize.min.js HTTP/1.1" 200 1299 "http://10.0.2.15/opencart/admin/index.php?route=common/dashboard&user_token=vBNgWzpSXEAqKxaeBDfoAY7YNUyN7qV4" "Mozilla/5.0 (X11; Linux x86_64) AppleWebKit/537.36 (KHTML, like Gecko) Chrome/70.0.3538.110 Safari/537.36"
172.17.0.4 - - [19/May/2020:21:22:09 +0000] "GET /opencart/admin/index.php?route=extension/dashboard/chart/chart&user_token=vBNgWzpSXEAqKxaeBDfoAY7YNUyN7qV4&range=month HTTP/1.1" 200 1121 "http://10.0.2.15/opencart/admin/index.php?route=common/dashboard&user_token=vBNgWzpSXEAqKxaeBDfoAY7YNUyN7qV4" "Mozilla/5.0 (X11; Linux x86_64) AppleWebKit/537.36 (KHTML, like Gecko) Chrome/70.0.3538.110 Safari/537.36"
172.17.0.4 - - [19/May/2020:21:22:09 +0000] "GET /opencart/admin/index.php?route=extension/dashboard/map/map&user_token=vBNgWzpSXEAqKxaeBDfoAY7YNUyN7qV4 HTTP/1.1" 200 253 "http://10.0.2.15/opencart/admin/index.php?route=common/dashboard&user_token=vBNgWzpSXEAqKxaeBDfoAY7YNUyN7qV4" "Mozilla/5.0 (X11; Linux x86_64) AppleWebKit/537.36 (KHTML, like Gecko) Chrome/70.0.3538.110 Safari/537.36"
172.17.0.4 - - [19/May/2020:21:22:10 +0000] "GET /opencart/admin/index.php?route=catalog/product&user_token=vBNgWzpSXEAqKxaeBDfoAY7YNUyN7qV4 HTTP/1.1" 200 5479 "http://10.0.2.15/opencart/admin/index.php?route=common/dashboard&user_token=vBNgWzpSXEAqKxaeBDfoAY7YNUyN7qV4" "Mozilla/5.0 (X11; Linux x86_64) AppleWebKit/537.36 (KHTML, like Gecko) Chrome/70.0.3538.110 Safari/537.36"
172.17.0.4 - - [19/May/2020:21:22:10 +0000] "GET /opencart/image/cache/catalog/demo/imac_1-40x40.jpg HTTP/1.1" 200 1444 "http://10.0.2.15/opencart/admin/index.php?route=catalog/product&user_token=vBNgWzpSXEAqKxaeBDfoAY7YNUyN7qV4" "Mozilla/5.0 (X11; Linux x86_64) AppleWebKit/537.36 (KHTML, like Gecko) Chrome/70.0.3538.110 Safari/537.36"
172.17.0.4 - - [19/May/2020:21:22:10 +0000] "GET /opencart/image/cache/catalog/demo/iphone_1-40x40.jpg HTTP/1.1" 200 1746 "http://10.0.2.15/opencart/admin/index.php?route=catalog/product&user_token=vBNgWzpSXEAqKxaeBDfoAY7YNUyN7qV4" "Mozilla/5.0 (X11; Linux x86_64) AppleWebKit/537.36 (KHTML, like Gecko) Chrome/70.0.3538.110 Safari/537.36"
172.17.0.4 - - [19/May/2020:21:22:10 +0000] "GET /opencart/image/cache/catalog/demo/ipod_classic_1-40x40.jpg HTTP/1.1" 200 1698 "http://10.0.2.15/opencart/admin/index.php?route=catalog/product&user_token=vBNgWzpSXEAqKxaeBDfoAY7YNUyN7qV4" "Mozilla/5.0 (X11; Linux x86_64) AppleWebKit/537.36 (KHTML, like Gecko) Chrome/70.0.3538.110 Safari/537.36"
172.17.0.4 - - [19/May/2020:21:22:10 +0000] "GET /opencart/image/cache/catalog/demo/ipod_nano_1-40x40.jpg HTTP/1.1" 200 1744 "http://10.0.2.15/opencart/admin/index.php?route=catalog/product&user_token=vBNgWzpSXEAqKxaeBDfoAY7YNUyN7qV4" "Mozilla/5.0 (X11; Linux x86_64) AppleWebKit/537.36 (KHTML, like Gecko) Chrome/70.0.3538.110 Safari/537.36"
172.17.0.4 - - [19/May/2020:21:22:10 +0000] "GET /opencart/image/cache/catalog/demo/ipod_shuffle_1-40x40.jpg HTTP/1.1" 200 1397 "http://10.0.2.15/opencart/admin/index.php?route=catalog/product&user_token=vBNgWzpSXEAqKxaeBDfoAY7YNUyN7qV4" "Mozilla/5.0 (X11; Linux x86_64) AppleWebKit/537.36 (KHTML, like Gecko) Chrome/70.0.3538.110 Safari/537.36"
172.17.0.4 - - [19/May/2020:21:22:10 +0000] "GET /opencart/image/cache/catalog/demo/ipod_touch_1-40x40.jpg HTTP/1.1" 200 1674 "http://10.0.2.15/opencart/admin/index.php?route=catalog/product&user_token=vBNgWzpSXEAqKxaeBDfoAY7YNUyN7qV4" "Mozilla/5.0 (X11; Linux x86_64) AppleWebKit/537.36 (KHTML, like Gecko) Chrome/70.0.3538.110 Safari/537.36"
172.17.0.4 - - [19/May/2020:21:22:10 +0000] "GET /opencart/image/cache/catalog/demo/macbook_1-40x40.jpg HTTP/1.1" 200 1485 "http://10.0.2.15/opencart/admin/index.php?route=catalog/product&user_token=vBNgWzpSXEAqKxaeBDfoAY7YNUyN7qV4" "Mozilla/5.0 (X11; Linux x86_64) AppleWebKit/537.36 (KHTML, like Gecko) Chrome/70.0.3538.110 Safari/537.36"
